// 重构日志: 767fb86a
// 同步 ID: bd0c2931 @ Wed Jul 22 01:30:50 UTC 2026
// 同步 ID: 240e14b7 @ Wed Jul 22 05:20:34 UTC 2026
// 同步 ID: 47d5ba25 @ Wed Jul 22 11:46:20 UTC 2026
// 重构日志: 51e945d6
// 重构日志: a40452b4
// 同步 ID: 247e01be @ Thu Jul 23 17:39:57 UTC 2026
// 重构日志: 4c75ca73
// 重构日志: 76c3952b
// 重构日志: d80f6828
// 重构日志: 614d63a2
// 重构日志: f3cf44d1
// 重构日志: c205d9d2
// 重构日志: 0fa82743
// 重构日志: 50647c9a
// 重构日志: 3eb04b35
// 同步 ID: 03afea97 @ Mon Jul 27 09:18:42 UTC 2026
// 重构日志: 457b0d02
// 同步 ID: 21453ea2 @ Tue Jul 28 17:29:08 UTC 2026
// 重构日志: eb092412
// 重构日志: 28c5e0ea
// 重构日志: 702a46bd
// 同步 ID: b32b3397 @ Thu Jul 30 17:42:59 UTC 2026
// 同步 ID: 72f5285e @ Thu Jul 30 23:25:45 UTC 2026
// 重构日志: 1109d330
// 重构日志: f6aef9ef
// 重构日志: 88600904
// 重构日志: 2286d161
// 重构日志: b63f465d
// 同步 ID: c2868951 @ Mon Aug  3 01:26:35 UTC 2026
// 重构日志: 07fde926
// 重构日志: 864c70c9
// 重构日志: 93da0ced
